running egg_info
creating ../build/cdpr_control_pkg/cdpr_control_pkg.egg-info
writing ../build/cdpr_control_pkg/cdpr_control_pkg.egg-info/PKG-INFO
writing dependency_links to ../build/cdpr_control_pkg/cdpr_control_pkg.egg-info/dependency_links.txt
writing entry points to ../build/cdpr_control_pkg/cdpr_control_pkg.egg-info/entry_points.txt
writing requirements to ../build/cdpr_control_pkg/cdpr_control_pkg.egg-info/requires.txt
writing top-level names to ../build/cdpr_control_pkg/cdpr_control_pkg.egg-info/top_level.txt
writing manifest file '../build/cdpr_control_pkg/cdpr_control_pkg.egg-info/SOURCES.txt'
reading manifest file '../build/cdpr_control_pkg/cdpr_control_pkg.egg-info/SOURCES.txt'
writing manifest file '../build/cdpr_control_pkg/cdpr_control_pkg.egg-info/SOURCES.txt'
running build
running build_py
creating /home/alex/Thesis/Greenwall-Pruning/src/build/cdpr_control_pkg/build
creating /home/alex/Thesis/Greenwall-Pruning/src/build/cdpr_control_pkg/build/lib
creating /home/alex/Thesis/Greenwall-Pruning/src/build/cdpr_control_pkg/build/lib/cdpr_control_pkg
copying cdpr_control_pkg/__init__.py -> /home/alex/Thesis/Greenwall-Pruning/src/build/cdpr_control_pkg/build/lib/cdpr_control_pkg
copying cdpr_control_pkg/cdpr_control_joystick_FK.py -> /home/alex/Thesis/Greenwall-Pruning/src/build/cdpr_control_pkg/build/lib/cdpr_control_pkg
copying cdpr_control_pkg/cdpr_control_joystick_speed_control.py -> /home/alex/Thesis/Greenwall-Pruning/src/build/cdpr_control_pkg/build/lib/cdpr_control_pkg
copying cdpr_control_pkg/forward_kinematics.py -> /home/alex/Thesis/Greenwall-Pruning/src/build/cdpr_control_pkg/build/lib/cdpr_control_pkg
copying cdpr_control_pkg/cdpr_control_joystick_FK2.py -> /home/alex/Thesis/Greenwall-Pruning/src/build/cdpr_control_pkg/build/lib/cdpr_control_pkg
copying cdpr_control_pkg/DynamixelSync.py -> /home/alex/Thesis/Greenwall-Pruning/src/build/cdpr_control_pkg/build/lib/cdpr_control_pkg
copying cdpr_control_pkg/cdpr_control_joystick_simple.py -> /home/alex/Thesis/Greenwall-Pruning/src/build/cdpr_control_pkg/build/lib/cdpr_control_pkg
running install
running install_lib
creating /home/alex/Thesis/Greenwall-Pruning/src/install/cdpr_control_pkg/lib/python3.12/site-packages/cdpr_control_pkg
copying /home/alex/Thesis/Greenwall-Pruning/src/build/cdpr_control_pkg/build/lib/cdpr_control_pkg/__init__.py -> /home/alex/Thesis/Greenwall-Pruning/src/install/cdpr_control_pkg/lib/python3.12/site-packages/cdpr_control_pkg
copying /home/alex/Thesis/Greenwall-Pruning/src/build/cdpr_control_pkg/build/lib/cdpr_control_pkg/cdpr_control_joystick_FK.py -> /home/alex/Thesis/Greenwall-Pruning/src/install/cdpr_control_pkg/lib/python3.12/site-packages/cdpr_control_pkg
copying /home/alex/Thesis/Greenwall-Pruning/src/build/cdpr_control_pkg/build/lib/cdpr_control_pkg/cdpr_control_joystick_speed_control.py -> /home/alex/Thesis/Greenwall-Pruning/src/install/cdpr_control_pkg/lib/python3.12/site-packages/cdpr_control_pkg
copying /home/alex/Thesis/Greenwall-Pruning/src/build/cdpr_control_pkg/build/lib/cdpr_control_pkg/forward_kinematics.py -> /home/alex/Thesis/Greenwall-Pruning/src/install/cdpr_control_pkg/lib/python3.12/site-packages/cdpr_control_pkg
copying /home/alex/Thesis/Greenwall-Pruning/src/build/cdpr_control_pkg/build/lib/cdpr_control_pkg/cdpr_control_joystick_FK2.py -> /home/alex/Thesis/Greenwall-Pruning/src/install/cdpr_control_pkg/lib/python3.12/site-packages/cdpr_control_pkg
copying /home/alex/Thesis/Greenwall-Pruning/src/build/cdpr_control_pkg/build/lib/cdpr_control_pkg/DynamixelSync.py -> /home/alex/Thesis/Greenwall-Pruning/src/install/cdpr_control_pkg/lib/python3.12/site-packages/cdpr_control_pkg
copying /home/alex/Thesis/Greenwall-Pruning/src/build/cdpr_control_pkg/build/lib/cdpr_control_pkg/cdpr_control_joystick_simple.py -> /home/alex/Thesis/Greenwall-Pruning/src/install/cdpr_control_pkg/lib/python3.12/site-packages/cdpr_control_pkg
byte-compiling /home/alex/Thesis/Greenwall-Pruning/src/install/cdpr_control_pkg/lib/python3.12/site-packages/cdpr_control_pkg/__init__.py to __init__.cpython-312.pyc
byte-compiling /home/alex/Thesis/Greenwall-Pruning/src/install/cdpr_control_pkg/lib/python3.12/site-packages/cdpr_control_pkg/cdpr_control_joystick_FK.py to cdpr_control_joystick_FK.cpython-312.pyc
byte-compiling /home/alex/Thesis/Greenwall-Pruning/src/install/cdpr_control_pkg/lib/python3.12/site-packages/cdpr_control_pkg/cdpr_control_joystick_speed_control.py to cdpr_control_joystick_speed_control.cpython-312.pyc
byte-compiling /home/alex/Thesis/Greenwall-Pruning/src/install/cdpr_control_pkg/lib/python3.12/site-packages/cdpr_control_pkg/forward_kinematics.py to forward_kinematics.cpython-312.pyc
byte-compiling /home/alex/Thesis/Greenwall-Pruning/src/install/cdpr_control_pkg/lib/python3.12/site-packages/cdpr_control_pkg/cdpr_control_joystick_FK2.py to cdpr_control_joystick_FK2.cpython-312.pyc
byte-compiling /home/alex/Thesis/Greenwall-Pruning/src/install/cdpr_control_pkg/lib/python3.12/site-packages/cdpr_control_pkg/DynamixelSync.py to DynamixelSync.cpython-312.pyc
byte-compiling /home/alex/Thesis/Greenwall-Pruning/src/install/cdpr_control_pkg/lib/python3.12/site-packages/cdpr_control_pkg/cdpr_control_joystick_simple.py to cdpr_control_joystick_simple.cpython-312.pyc
running install_data
creating /home/alex/Thesis/Greenwall-Pruning/src/install/cdpr_control_pkg/share/ament_index
creating /home/alex/Thesis/Greenwall-Pruning/src/install/cdpr_control_pkg/share/ament_index/resource_index
creating /home/alex/Thesis/Greenwall-Pruning/src/install/cdpr_control_pkg/share/ament_index/resource_index/packages
copying resource/cdpr_control_pkg -> /home/alex/Thesis/Greenwall-Pruning/src/install/cdpr_control_pkg/share/ament_index/resource_index/packages
copying package.xml -> /home/alex/Thesis/Greenwall-Pruning/src/install/cdpr_control_pkg/share/cdpr_control_pkg
running install_egg_info
Copying ../build/cdpr_control_pkg/cdpr_control_pkg.egg-info to /home/alex/Thesis/Greenwall-Pruning/src/install/cdpr_control_pkg/lib/python3.12/site-packages/cdpr_control_pkg-0.0.0-py3.12.egg-info
running install_scripts
Installing cdpr_control_joystick_FK script to /home/alex/Thesis/Greenwall-Pruning/src/install/cdpr_control_pkg/lib/cdpr_control_pkg
Installing cdpr_control_joystick_FK2 script to /home/alex/Thesis/Greenwall-Pruning/src/install/cdpr_control_pkg/lib/cdpr_control_pkg
Installing cdpr_control_joystick_simple script to /home/alex/Thesis/Greenwall-Pruning/src/install/cdpr_control_pkg/lib/cdpr_control_pkg
Installing cdpr_control_joystick_speed_control script to /home/alex/Thesis/Greenwall-Pruning/src/install/cdpr_control_pkg/lib/cdpr_control_pkg
writing list of installed files to '/home/alex/Thesis/Greenwall-Pruning/src/build/cdpr_control_pkg/install.log'
