/home/alex/Thesis/Greenwall-Pruning/src/install/cdpr_control_pkg/lib/python3.12/site-packages/cdpr_control_pkg/__init__.py
/home/alex/Thesis/Greenwall-Pruning/src/install/cdpr_control_pkg/lib/python3.12/site-packages/cdpr_control_pkg/cdpr_control_joystick_FK.py
/home/alex/Thesis/Greenwall-Pruning/src/install/cdpr_control_pkg/lib/python3.12/site-packages/cdpr_control_pkg/cdpr_control_joystick_speed_control.py
/home/alex/Thesis/Greenwall-Pruning/src/install/cdpr_control_pkg/lib/python3.12/site-packages/cdpr_control_pkg/forward_kinematics.py
/home/alex/Thesis/Greenwall-Pruning/src/install/cdpr_control_pkg/lib/python3.12/site-packages/cdpr_control_pkg/cdpr_control_joystick_FK2.py
/home/alex/Thesis/Greenwall-Pruning/src/install/cdpr_control_pkg/lib/python3.12/site-packages/cdpr_control_pkg/DynamixelSync.py
/home/alex/Thesis/Greenwall-Pruning/src/install/cdpr_control_pkg/lib/python3.12/site-packages/cdpr_control_pkg/cdpr_control_joystick_simple.py
/home/alex/Thesis/Greenwall-Pruning/src/install/cdpr_control_pkg/lib/python3.12/site-packages/cdpr_control_pkg/__pycache__/__init__.cpython-312.pyc
/home/alex/Thesis/Greenwall-Pruning/src/install/cdpr_control_pkg/lib/python3.12/site-packages/cdpr_control_pkg/__pycache__/cdpr_control_joystick_FK.cpython-312.pyc
/home/alex/Thesis/Greenwall-Pruning/src/install/cdpr_control_pkg/lib/python3.12/site-packages/cdpr_control_pkg/__pycache__/cdpr_control_joystick_speed_control.cpython-312.pyc
/home/alex/Thesis/Greenwall-Pruning/src/install/cdpr_control_pkg/lib/python3.12/site-packages/cdpr_control_pkg/__pycache__/forward_kinematics.cpython-312.pyc
/home/alex/Thesis/Greenwall-Pruning/src/install/cdpr_control_pkg/lib/python3.12/site-packages/cdpr_control_pkg/__pycache__/cdpr_control_joystick_FK2.cpython-312.pyc
/home/alex/Thesis/Greenwall-Pruning/src/install/cdpr_control_pkg/lib/python3.12/site-packages/cdpr_control_pkg/__pycache__/DynamixelSync.cpython-312.pyc
/home/alex/Thesis/Greenwall-Pruning/src/install/cdpr_control_pkg/lib/python3.12/site-packages/cdpr_control_pkg/__pycache__/cdpr_control_joystick_simple.cpython-312.pyc
/home/alex/Thesis/Greenwall-Pruning/src/install/cdpr_control_pkg/share/ament_index/resource_index/packages/cdpr_control_pkg
/home/alex/Thesis/Greenwall-Pruning/src/install/cdpr_control_pkg/share/cdpr_control_pkg/package.xml
/home/alex/Thesis/Greenwall-Pruning/src/install/cdpr_control_pkg/lib/python3.12/site-packages/cdpr_control_pkg-0.0.0-py3.12.egg-info/dependency_links.txt
/home/alex/Thesis/Greenwall-Pruning/src/install/cdpr_control_pkg/lib/python3.12/site-packages/cdpr_control_pkg-0.0.0-py3.12.egg-info/requires.txt
/home/alex/Thesis/Greenwall-Pruning/src/install/cdpr_control_pkg/lib/python3.12/site-packages/cdpr_control_pkg-0.0.0-py3.12.egg-info/zip-safe
/home/alex/Thesis/Greenwall-Pruning/src/install/cdpr_control_pkg/lib/python3.12/site-packages/cdpr_control_pkg-0.0.0-py3.12.egg-info/PKG-INFO
/home/alex/Thesis/Greenwall-Pruning/src/install/cdpr_control_pkg/lib/python3.12/site-packages/cdpr_control_pkg-0.0.0-py3.12.egg-info/SOURCES.txt
/home/alex/Thesis/Greenwall-Pruning/src/install/cdpr_control_pkg/lib/python3.12/site-packages/cdpr_control_pkg-0.0.0-py3.12.egg-info/entry_points.txt
/home/alex/Thesis/Greenwall-Pruning/src/install/cdpr_control_pkg/lib/python3.12/site-packages/cdpr_control_pkg-0.0.0-py3.12.egg-info/top_level.txt
/home/alex/Thesis/Greenwall-Pruning/src/install/cdpr_control_pkg/lib/cdpr_control_pkg/cdpr_control_joystick_FK
/home/alex/Thesis/Greenwall-Pruning/src/install/cdpr_control_pkg/lib/cdpr_control_pkg/cdpr_control_joystick_FK2
/home/alex/Thesis/Greenwall-Pruning/src/install/cdpr_control_pkg/lib/cdpr_control_pkg/cdpr_control_joystick_simple
/home/alex/Thesis/Greenwall-Pruning/src/install/cdpr_control_pkg/lib/cdpr_control_pkg/cdpr_control_joystick_speed_control
