[0.106s] DEBUG:colcon:Command line arguments: ['/usr/bin/colcon', 'build']
[0.106s] DEBUG:colcon:Parsed command line arguments: Namespace(log_base=None, log_level=None, verb_name='build', build_base='build', install_base='install', merge_install=False, symlink_install=False, test_result_base=None, continue_on_error=False, executor='parallel', parallel_workers=12, event_handlers=None, ignore_user_meta=False, metas=['./colcon.meta'], base_paths=['.'], packages_ignore=None, packages_ignore_regex=None, paths=None, packages_up_to=None, packages_up_to_regex=None, packages_above=None, packages_above_and_dependencies=None, packages_above_depth=None, packages_select_by_dep=None, packages_skip_by_dep=None, packages_skip_up_to=None, packages_select_build_failed=False, packages_skip_build_finished=False, packages_select_test_failures=False, packages_skip_test_passed=False, packages_select=None, packages_skip=None, packages_select_regex=None, packages_skip_regex=None, packages_start=None, packages_end=None, allow_overriding=[], cmake_args=None, cmake_target=None, cmake_target_skip_unavailable=False, cmake_clean_cache=False, cmake_clean_first=False, cmake_force_configure=False, ament_cmake_args=None, catkin_cmake_args=None, catkin_skip_building_tests=False, mixin_files=None, mixin=None, verb_parser=<colcon_mixin.mixin.mixin_argument.MixinArgumentDecorator object at 0x7c0588ba8b60>, verb_extension=<colcon_core.verb.build.BuildVerb object at 0x7c0588ba8800>, main=<bound method BuildVerb.main of <colcon_core.verb.build.BuildVerb object at 0x7c0588ba8800>>, mixin_verb=('build',))
[0.141s] Level 1:colcon.colcon_core.package_discovery:discover_packages(colcon_meta) check parameters
[0.141s] Level 1:colcon.colcon_core.package_discovery:discover_packages(recursive) check parameters
[0.141s] Level 1:colcon.colcon_core.package_discovery:discover_packages(ignore) check parameters
[0.141s] Level 1:colcon.colcon_core.package_discovery:discover_packages(path) check parameters
[0.141s] Level 1:colcon.colcon_core.package_discovery:discover_packages(colcon_meta) discover
[0.142s] Level 1:colcon.colcon_core.package_discovery:discover_packages(recursive) discover
[0.142s] INFO:colcon.colcon_core.package_discovery:Crawling recursively for packages in '/home/alex/Thesis/Greenwall-Pruning/src'
[0.142s] Level 1:colcon.colcon_core.package_identification:_identify(.) by extensions ['ignore', 'ignore_ament_install']
[0.142s] Level 1:colcon.colcon_core.package_identification:_identify(.) by extension 'ignore'
[0.142s] Level 1:colcon.colcon_core.package_identification:_identify(.) by extension 'ignore_ament_install'
[0.142s] Level 1:colcon.colcon_core.package_identification:_identify(.) by extensions ['colcon_pkg']
[0.142s] Level 1:colcon.colcon_core.package_identification:_identify(.) by extension 'colcon_pkg'
[0.142s] Level 1:colcon.colcon_core.package_identification:_identify(.) by extensions ['colcon_meta']
[0.142s] Level 1:colcon.colcon_core.package_identification:_identify(.) by extension 'colcon_meta'
[0.142s] Level 1:colcon.colcon_core.package_identification:_identify(.) by extensions ['ros']
[0.142s] Level 1:colcon.colcon_core.package_identification:_identify(.) by extension 'ros'
[0.165s] Level 1:colcon.colcon_core.package_identification:_identify(.) by extensions ['cmake', 'python']
[0.165s] Level 1:colcon.colcon_core.package_identification:_identify(.) by extension 'cmake'
[0.165s] Level 1:colcon.colcon_core.package_identification:_identify(.) by extension 'python'
[0.165s] Level 1:colcon.colcon_core.package_identification:_identify(.) by extensions ['python_setup_py']
[0.165s] Level 1:colcon.colcon_core.package_identification:_identify(.) by extension 'python_setup_py'
[0.166s] Level 1:colcon.colcon_core.package_identification:_identify(build) by extensions ['ignore', 'ignore_ament_install']
[0.166s] Level 1:colcon.colcon_core.package_identification:_identify(build) by extension 'ignore'
[0.166s] Level 1:colcon.colcon_core.package_identification:_identify(build) ignored
[0.166s] Level 1:colcon.colcon_core.package_identification:_identify(cdpr_control_pkg) by extensions ['ignore', 'ignore_ament_install']
[0.166s] Level 1:colcon.colcon_core.package_identification:_identify(cdpr_control_pkg) by extension 'ignore'
[0.166s] Level 1:colcon.colcon_core.package_identification:_identify(cdpr_control_pkg) by extension 'ignore_ament_install'
[0.166s] Level 1:colcon.colcon_core.package_identification:_identify(cdpr_control_pkg) by extensions ['colcon_pkg']
[0.166s] Level 1:colcon.colcon_core.package_identification:_identify(cdpr_control_pkg) by extension 'colcon_pkg'
[0.166s] Level 1:colcon.colcon_core.package_identification:_identify(cdpr_control_pkg) by extensions ['colcon_meta']
[0.166s] Level 1:colcon.colcon_core.package_identification:_identify(cdpr_control_pkg) by extension 'colcon_meta'
[0.166s] Level 1:colcon.colcon_core.package_identification:_identify(cdpr_control_pkg) by extensions ['ros']
[0.166s] Level 1:colcon.colcon_core.package_identification:_identify(cdpr_control_pkg) by extension 'ros'
[0.168s] DEBUG:colcon.colcon_core.package_identification:Package 'cdpr_control_pkg' with type 'ros.ament_python' and name 'cdpr_control_pkg'
[0.168s] Level 1:colcon.colcon_core.package_identification:_identify(install) by extensions ['ignore', 'ignore_ament_install']
[0.168s] Level 1:colcon.colcon_core.package_identification:_identify(install) by extension 'ignore'
[0.168s] Level 1:colcon.colcon_core.package_identification:_identify(install) ignored
[0.168s] Level 1:colcon.colcon_core.package_identification:_identify(log) by extensions ['ignore', 'ignore_ament_install']
[0.169s] Level 1:colcon.colcon_core.package_identification:_identify(log) by extension 'ignore'
[0.169s] Level 1:colcon.colcon_core.package_identification:_identify(log) ignored
[0.169s] Level 1:colcon.colcon_core.package_discovery:discover_packages(recursive) using defaults
[0.169s] Level 1:colcon.colcon_core.package_discovery:discover_packages(ignore) discover
[0.169s] Level 1:colcon.colcon_core.package_discovery:discover_packages(ignore) using defaults
[0.169s] Level 1:colcon.colcon_core.package_discovery:discover_packages(path) discover
[0.169s] Level 1:colcon.colcon_core.package_discovery:discover_packages(path) using defaults
[0.185s] Level 1:colcon.colcon_core.package_discovery:discover_packages(prefix_path) check parameters
[0.185s] Level 1:colcon.colcon_core.package_discovery:discover_packages(prefix_path) discover
[0.187s] DEBUG:colcon.colcon_installed_package_information.package_discovery:Found 1 installed packages in /home/alex/Thesis/Greenwall-Pruning/install
[0.187s] DEBUG:colcon.colcon_installed_package_information.package_discovery:Found 8 installed packages in /home/alex/PIR/project_in_robotics_clothing_manipulation/install
[0.189s] DEBUG:colcon.colcon_installed_package_information.package_discovery:Found 290 installed packages in /opt/ros/jazzy
[0.190s] Level 1:colcon.colcon_core.package_discovery:discover_packages(prefix_path) using defaults
[0.233s] Level 5:colcon.colcon_core.verb:set package 'cdpr_control_pkg' build argument 'cmake_args' from command line to 'None'
[0.233s] Level 5:colcon.colcon_core.verb:set package 'cdpr_control_pkg' build argument 'cmake_target' from command line to 'None'
[0.233s] Level 5:colcon.colcon_core.verb:set package 'cdpr_control_pkg' build argument 'cmake_target_skip_unavailable' from command line to 'False'
[0.233s] Level 5:colcon.colcon_core.verb:set package 'cdpr_control_pkg' build argument 'cmake_clean_cache' from command line to 'False'
[0.233s] Level 5:colcon.colcon_core.verb:set package 'cdpr_control_pkg' build argument 'cmake_clean_first' from command line to 'False'
[0.233s] Level 5:colcon.colcon_core.verb:set package 'cdpr_control_pkg' build argument 'cmake_force_configure' from command line to 'False'
[0.233s] Level 5:colcon.colcon_core.verb:set package 'cdpr_control_pkg' build argument 'ament_cmake_args' from command line to 'None'
[0.233s] Level 5:colcon.colcon_core.verb:set package 'cdpr_control_pkg' build argument 'catkin_cmake_args' from command line to 'None'
[0.233s] Level 5:colcon.colcon_core.verb:set package 'cdpr_control_pkg' build argument 'catkin_skip_building_tests' from command line to 'False'
[0.233s] DEBUG:colcon.colcon_core.verb:Building package 'cdpr_control_pkg' with the following arguments: {'ament_cmake_args': None, 'build_base': '/home/alex/Thesis/Greenwall-Pruning/src/build/cdpr_control_pkg', 'catkin_cmake_args': None, 'catkin_skip_building_tests': False, 'cmake_args': None, 'cmake_clean_cache': False, 'cmake_clean_first': False, 'cmake_force_configure': False, 'cmake_target': None, 'cmake_target_skip_unavailable': False, 'install_base': '/home/alex/Thesis/Greenwall-Pruning/src/install/cdpr_control_pkg', 'merge_install': False, 'path': '/home/alex/Thesis/Greenwall-Pruning/src/cdpr_control_pkg', 'symlink_install': False, 'test_result_base': None}
[0.234s] INFO:colcon.colcon_core.executor:Executing jobs using 'parallel' executor
[0.234s] DEBUG:colcon.colcon_parallel_executor.executor.parallel:run_until_complete
[0.234s] INFO:colcon.colcon_ros.task.ament_python.build:Building ROS package in '/home/alex/Thesis/Greenwall-Pruning/src/cdpr_control_pkg' with build type 'ament_python'
[0.235s] Level 1:colcon.colcon_core.shell:create_environment_hook('cdpr_control_pkg', 'ament_prefix_path')
[0.237s] INFO:colcon.colcon_core.plugin_system:Skipping extension 'colcon_core.shell.bat': Not used on non-Windows systems
[0.237s] INFO:colcon.colcon_core.shell:Creating environment hook '/home/alex/Thesis/Greenwall-Pruning/src/install/cdpr_control_pkg/share/cdpr_control_pkg/hook/ament_prefix_path.ps1'
[0.238s] INFO:colcon.colcon_core.shell:Creating environment descriptor '/home/alex/Thesis/Greenwall-Pruning/src/install/cdpr_control_pkg/share/cdpr_control_pkg/hook/ament_prefix_path.dsv'
[0.238s] INFO:colcon.colcon_core.shell:Creating environment hook '/home/alex/Thesis/Greenwall-Pruning/src/install/cdpr_control_pkg/share/cdpr_control_pkg/hook/ament_prefix_path.sh'
[0.239s] INFO:colcon.colcon_core.shell:Skip shell extension 'powershell' for command environment: Not usable outside of PowerShell
[0.239s] DEBUG:colcon.colcon_core.shell:Skip shell extension 'dsv' for command environment
[0.457s] INFO:colcon.colcon_core.task.python.build:Building Python package in '/home/alex/Thesis/Greenwall-Pruning/src/cdpr_control_pkg'
[0.457s] INFO:colcon.colcon_core.shell:Skip shell extension 'powershell' for command environment: Not usable outside of PowerShell
[0.457s] DEBUG:colcon.colcon_core.shell:Skip shell extension 'dsv' for command environment
[1.055s] DEBUG:colcon.colcon_core.event_handler.log_command:Invoking command in '/home/alex/Thesis/Greenwall-Pruning/src/cdpr_control_pkg': DEBUGINFOD_URLS=https://debuginfod.ubuntu.com PYTHONPATH=/home/alex/Thesis/Greenwall-Pruning/src/build/cdpr_control_pkg/prefix_override:/usr/lib/python3/dist-packages/colcon_core/task/python/colcon_distutils_commands:/home/alex/Thesis/Greenwall-Pruning/src/install/cdpr_control_pkg/lib/python3.12/site-packages:${PYTHONPATH} /usr/bin/python3 -W ignore:setup.py install is deprecated -W ignore:easy_install command is deprecated setup.py egg_info --egg-base ../build/cdpr_control_pkg build --build-base /home/alex/Thesis/Greenwall-Pruning/src/build/cdpr_control_pkg/build install --record /home/alex/Thesis/Greenwall-Pruning/src/build/cdpr_control_pkg/install.log --single-version-externally-managed install_data
[1.575s] DEBUG:colcon.colcon_core.event_handler.log_command:Invoked command in '/home/alex/Thesis/Greenwall-Pruning/src/cdpr_control_pkg' returned '0': DEBUGINFOD_URLS=https://debuginfod.ubuntu.com PYTHONPATH=/home/alex/Thesis/Greenwall-Pruning/src/build/cdpr_control_pkg/prefix_override:/usr/lib/python3/dist-packages/colcon_core/task/python/colcon_distutils_commands:/home/alex/Thesis/Greenwall-Pruning/src/install/cdpr_control_pkg/lib/python3.12/site-packages:${PYTHONPATH} /usr/bin/python3 -W ignore:setup.py install is deprecated -W ignore:easy_install command is deprecated setup.py egg_info --egg-base ../build/cdpr_control_pkg build --build-base /home/alex/Thesis/Greenwall-Pruning/src/build/cdpr_control_pkg/build install --record /home/alex/Thesis/Greenwall-Pruning/src/build/cdpr_control_pkg/install.log --single-version-externally-managed install_data
[1.577s] Level 1:colcon.colcon_core.environment:checking '/home/alex/Thesis/Greenwall-Pruning/src/install/cdpr_control_pkg' for CMake module files
[1.577s] Level 1:colcon.colcon_core.environment:checking '/home/alex/Thesis/Greenwall-Pruning/src/install/cdpr_control_pkg' for CMake config files
[1.578s] Level 1:colcon.colcon_core.environment:checking '/home/alex/Thesis/Greenwall-Pruning/src/install/cdpr_control_pkg/lib'
[1.578s] Level 1:colcon.colcon_core.environment:checking '/home/alex/Thesis/Greenwall-Pruning/src/install/cdpr_control_pkg/bin'
[1.578s] Level 1:colcon.colcon_core.environment:checking '/home/alex/Thesis/Greenwall-Pruning/src/install/cdpr_control_pkg/lib/pkgconfig/cdpr_control_pkg.pc'
[1.579s] Level 1:colcon.colcon_core.environment:checking '/home/alex/Thesis/Greenwall-Pruning/src/install/cdpr_control_pkg/lib/python3.12/site-packages'
[1.579s] Level 1:colcon.colcon_core.shell:create_environment_hook('cdpr_control_pkg', 'pythonpath')
[1.579s] INFO:colcon.colcon_core.shell:Creating environment hook '/home/alex/Thesis/Greenwall-Pruning/src/install/cdpr_control_pkg/share/cdpr_control_pkg/hook/pythonpath.ps1'
[1.579s] INFO:colcon.colcon_core.shell:Creating environment descriptor '/home/alex/Thesis/Greenwall-Pruning/src/install/cdpr_control_pkg/share/cdpr_control_pkg/hook/pythonpath.dsv'
[1.580s] INFO:colcon.colcon_core.shell:Creating environment hook '/home/alex/Thesis/Greenwall-Pruning/src/install/cdpr_control_pkg/share/cdpr_control_pkg/hook/pythonpath.sh'
[1.580s] Level 1:colcon.colcon_core.environment:checking '/home/alex/Thesis/Greenwall-Pruning/src/install/cdpr_control_pkg/bin'
[1.580s] Level 1:colcon.colcon_core.environment:create_environment_scripts_only(cdpr_control_pkg)
[1.580s] INFO:colcon.colcon_core.shell:Creating package script '/home/alex/Thesis/Greenwall-Pruning/src/install/cdpr_control_pkg/share/cdpr_control_pkg/package.ps1'
[1.581s] INFO:colcon.colcon_core.shell:Creating package descriptor '/home/alex/Thesis/Greenwall-Pruning/src/install/cdpr_control_pkg/share/cdpr_control_pkg/package.dsv'
[1.582s] INFO:colcon.colcon_core.shell:Creating package script '/home/alex/Thesis/Greenwall-Pruning/src/install/cdpr_control_pkg/share/cdpr_control_pkg/package.sh'
[1.582s] INFO:colcon.colcon_core.shell:Creating package script '/home/alex/Thesis/Greenwall-Pruning/src/install/cdpr_control_pkg/share/cdpr_control_pkg/package.bash'
[1.583s] INFO:colcon.colcon_core.shell:Creating package script '/home/alex/Thesis/Greenwall-Pruning/src/install/cdpr_control_pkg/share/cdpr_control_pkg/package.zsh'
[1.583s] Level 1:colcon.colcon_core.environment:create_file_with_runtime_dependencies(/home/alex/Thesis/Greenwall-Pruning/src/install/cdpr_control_pkg/share/colcon-core/packages/cdpr_control_pkg)
[1.584s] DEBUG:colcon.colcon_parallel_executor.executor.parallel:closing loop
[1.584s] DEBUG:colcon.colcon_parallel_executor.executor.parallel:loop closed
[1.584s] DEBUG:colcon.colcon_parallel_executor.executor.parallel:run_until_complete finished with '0'
[1.584s] DEBUG:colcon.colcon_core.event_reactor:joining thread
[1.590s] INFO:colcon.colcon_core.plugin_system:Skipping extension 'colcon_notification.desktop_notification.terminal_notifier': Not used on non-Darwin systems
[1.590s] INFO:colcon.colcon_core.plugin_system:Skipping extension 'colcon_notification.desktop_notification.win32': Not used on non-Windows systems
[1.590s] INFO:colcon.colcon_notification.desktop_notification:Sending desktop notification using 'notify2'
[1.603s] DEBUG:colcon.colcon_core.event_reactor:joined thread
[1.603s] INFO:colcon.colcon_core.shell:Creating prefix script '/home/alex/Thesis/Greenwall-Pruning/src/install/local_setup.ps1'
[1.604s] INFO:colcon.colcon_core.shell:Creating prefix util module '/home/alex/Thesis/Greenwall-Pruning/src/install/_local_setup_util_ps1.py'
[1.605s] INFO:colcon.colcon_core.shell:Creating prefix chain script '/home/alex/Thesis/Greenwall-Pruning/src/install/setup.ps1'
[1.606s] INFO:colcon.colcon_core.shell:Creating prefix script '/home/alex/Thesis/Greenwall-Pruning/src/install/local_setup.sh'
[1.606s] INFO:colcon.colcon_core.shell:Creating prefix util module '/home/alex/Thesis/Greenwall-Pruning/src/install/_local_setup_util_sh.py'
[1.607s] INFO:colcon.colcon_core.shell:Creating prefix chain script '/home/alex/Thesis/Greenwall-Pruning/src/install/setup.sh'
[1.608s] INFO:colcon.colcon_core.shell:Creating prefix script '/home/alex/Thesis/Greenwall-Pruning/src/install/local_setup.bash'
[1.608s] INFO:colcon.colcon_core.shell:Creating prefix chain script '/home/alex/Thesis/Greenwall-Pruning/src/install/setup.bash'
[1.609s] INFO:colcon.colcon_core.shell:Creating prefix script '/home/alex/Thesis/Greenwall-Pruning/src/install/local_setup.zsh'
[1.610s] INFO:colcon.colcon_core.shell:Creating prefix chain script '/home/alex/Thesis/Greenwall-Pruning/src/install/setup.zsh'
