running egg_info
creating ../../build/cdpr_control_pkg/cdpr_control_pkg.egg-info
writing ../../build/cdpr_control_pkg/cdpr_control_pkg.egg-info/PKG-INFO
writing dependency_links to ../../build/cdpr_control_pkg/cdpr_control_pkg.egg-info/dependency_links.txt
writing entry points to ../../build/cdpr_control_pkg/cdpr_control_pkg.egg-info/entry_points.txt
writing requirements to ../../build/cdpr_control_pkg/cdpr_control_pkg.egg-info/requires.txt
writing top-level names to ../../build/cdpr_control_pkg/cdpr_control_pkg.egg-info/top_level.txt
writing manifest file '../../build/cdpr_control_pkg/cdpr_control_pkg.egg-info/SOURCES.txt'
reading manifest file '../../build/cdpr_control_pkg/cdpr_control_pkg.egg-info/SOURCES.txt'
writing manifest file '../../build/cdpr_control_pkg/cdpr_control_pkg.egg-info/SOURCES.txt'
running build
running build_py
creating /home/alex/Greenwall/Greenwall-Pruning/build/cdpr_control_pkg/build
creating /home/alex/Greenwall/Greenwall-Pruning/build/cdpr_control_pkg/build/lib
creating /home/alex/Greenwall/Greenwall-Pruning/build/cdpr_control_pkg/build/lib/cdpr_control_pkg
copying cdpr_control_pkg/__init__.py -> /home/alex/Greenwall/Greenwall-Pruning/build/cdpr_control_pkg/build/lib/cdpr_control_pkg
copying cdpr_control_pkg/cdpr_control_joystick.py -> /home/alex/Greenwall/Greenwall-Pruning/build/cdpr_control_pkg/build/lib/cdpr_control_pkg
copying cdpr_control_pkg/DynamixelSync.py -> /home/alex/Greenwall/Greenwall-Pruning/build/cdpr_control_pkg/build/lib/cdpr_control_pkg
creating /home/alex/Greenwall/Greenwall-Pruning/build/cdpr_control_pkg/build/lib/cdpr_control_pkg/dynamixel_sdk
copying cdpr_control_pkg/dynamixel_sdk/__init__.py -> /home/alex/Greenwall/Greenwall-Pruning/build/cdpr_control_pkg/build/lib/cdpr_control_pkg/dynamixel_sdk
copying cdpr_control_pkg/dynamixel_sdk/protocol1_packet_handler.py -> /home/alex/Greenwall/Greenwall-Pruning/build/cdpr_control_pkg/build/lib/cdpr_control_pkg/dynamixel_sdk
copying cdpr_control_pkg/dynamixel_sdk/robotis_def.py -> /home/alex/Greenwall/Greenwall-Pruning/build/cdpr_control_pkg/build/lib/cdpr_control_pkg/dynamixel_sdk
copying cdpr_control_pkg/dynamixel_sdk/protocol2_packet_handler.py -> /home/alex/Greenwall/Greenwall-Pruning/build/cdpr_control_pkg/build/lib/cdpr_control_pkg/dynamixel_sdk
copying cdpr_control_pkg/dynamixel_sdk/group_bulk_write.py -> /home/alex/Greenwall/Greenwall-Pruning/build/cdpr_control_pkg/build/lib/cdpr_control_pkg/dynamixel_sdk
copying cdpr_control_pkg/dynamixel_sdk/port_handler.py -> /home/alex/Greenwall/Greenwall-Pruning/build/cdpr_control_pkg/build/lib/cdpr_control_pkg/dynamixel_sdk
copying cdpr_control_pkg/dynamixel_sdk/group_sync_read.py -> /home/alex/Greenwall/Greenwall-Pruning/build/cdpr_control_pkg/build/lib/cdpr_control_pkg/dynamixel_sdk
copying cdpr_control_pkg/dynamixel_sdk/group_sync_write.py -> /home/alex/Greenwall/Greenwall-Pruning/build/cdpr_control_pkg/build/lib/cdpr_control_pkg/dynamixel_sdk
copying cdpr_control_pkg/dynamixel_sdk/group_bulk_read.py -> /home/alex/Greenwall/Greenwall-Pruning/build/cdpr_control_pkg/build/lib/cdpr_control_pkg/dynamixel_sdk
copying cdpr_control_pkg/dynamixel_sdk/packet_handler.py -> /home/alex/Greenwall/Greenwall-Pruning/build/cdpr_control_pkg/build/lib/cdpr_control_pkg/dynamixel_sdk
running install
running install_lib
creating /home/alex/Greenwall/Greenwall-Pruning/install/cdpr_control_pkg/lib/python3.12/site-packages/cdpr_control_pkg
copying /home/alex/Greenwall/Greenwall-Pruning/build/cdpr_control_pkg/build/lib/cdpr_control_pkg/__init__.py -> /home/alex/Greenwall/Greenwall-Pruning/install/cdpr_control_pkg/lib/python3.12/site-packages/cdpr_control_pkg
copying /home/alex/Greenwall/Greenwall-Pruning/build/cdpr_control_pkg/build/lib/cdpr_control_pkg/cdpr_control_joystick.py -> /home/alex/Greenwall/Greenwall-Pruning/install/cdpr_control_pkg/lib/python3.12/site-packages/cdpr_control_pkg
creating /home/alex/Greenwall/Greenwall-Pruning/install/cdpr_control_pkg/lib/python3.12/site-packages/cdpr_control_pkg/dynamixel_sdk
copying /home/alex/Greenwall/Greenwall-Pruning/build/cdpr_control_pkg/build/lib/cdpr_control_pkg/dynamixel_sdk/__init__.py -> /home/alex/Greenwall/Greenwall-Pruning/install/cdpr_control_pkg/lib/python3.12/site-packages/cdpr_control_pkg/dynamixel_sdk
copying /home/alex/Greenwall/Greenwall-Pruning/build/cdpr_control_pkg/build/lib/cdpr_control_pkg/dynamixel_sdk/protocol1_packet_handler.py -> /home/alex/Greenwall/Greenwall-Pruning/install/cdpr_control_pkg/lib/python3.12/site-packages/cdpr_control_pkg/dynamixel_sdk
copying /home/alex/Greenwall/Greenwall-Pruning/build/cdpr_control_pkg/build/lib/cdpr_control_pkg/dynamixel_sdk/robotis_def.py -> /home/alex/Greenwall/Greenwall-Pruning/install/cdpr_control_pkg/lib/python3.12/site-packages/cdpr_control_pkg/dynamixel_sdk
copying /home/alex/Greenwall/Greenwall-Pruning/build/cdpr_control_pkg/build/lib/cdpr_control_pkg/dynamixel_sdk/protocol2_packet_handler.py -> /home/alex/Greenwall/Greenwall-Pruning/install/cdpr_control_pkg/lib/python3.12/site-packages/cdpr_control_pkg/dynamixel_sdk
copying /home/alex/Greenwall/Greenwall-Pruning/build/cdpr_control_pkg/build/lib/cdpr_control_pkg/dynamixel_sdk/group_bulk_write.py -> /home/alex/Greenwall/Greenwall-Pruning/install/cdpr_control_pkg/lib/python3.12/site-packages/cdpr_control_pkg/dynamixel_sdk
copying /home/alex/Greenwall/Greenwall-Pruning/build/cdpr_control_pkg/build/lib/cdpr_control_pkg/dynamixel_sdk/port_handler.py -> /home/alex/Greenwall/Greenwall-Pruning/install/cdpr_control_pkg/lib/python3.12/site-packages/cdpr_control_pkg/dynamixel_sdk
copying /home/alex/Greenwall/Greenwall-Pruning/build/cdpr_control_pkg/build/lib/cdpr_control_pkg/dynamixel_sdk/group_sync_read.py -> /home/alex/Greenwall/Greenwall-Pruning/install/cdpr_control_pkg/lib/python3.12/site-packages/cdpr_control_pkg/dynamixel_sdk
copying /home/alex/Greenwall/Greenwall-Pruning/build/cdpr_control_pkg/build/lib/cdpr_control_pkg/dynamixel_sdk/group_sync_write.py -> /home/alex/Greenwall/Greenwall-Pruning/install/cdpr_control_pkg/lib/python3.12/site-packages/cdpr_control_pkg/dynamixel_sdk
copying /home/alex/Greenwall/Greenwall-Pruning/build/cdpr_control_pkg/build/lib/cdpr_control_pkg/dynamixel_sdk/group_bulk_read.py -> /home/alex/Greenwall/Greenwall-Pruning/install/cdpr_control_pkg/lib/python3.12/site-packages/cdpr_control_pkg/dynamixel_sdk
copying /home/alex/Greenwall/Greenwall-Pruning/build/cdpr_control_pkg/build/lib/cdpr_control_pkg/dynamixel_sdk/packet_handler.py -> /home/alex/Greenwall/Greenwall-Pruning/install/cdpr_control_pkg/lib/python3.12/site-packages/cdpr_control_pkg/dynamixel_sdk
copying /home/alex/Greenwall/Greenwall-Pruning/build/cdpr_control_pkg/build/lib/cdpr_control_pkg/DynamixelSync.py -> /home/alex/Greenwall/Greenwall-Pruning/install/cdpr_control_pkg/lib/python3.12/site-packages/cdpr_control_pkg
byte-compiling /home/alex/Greenwall/Greenwall-Pruning/install/cdpr_control_pkg/lib/python3.12/site-packages/cdpr_control_pkg/__init__.py to __init__.cpython-312.pyc
byte-compiling /home/alex/Greenwall/Greenwall-Pruning/install/cdpr_control_pkg/lib/python3.12/site-packages/cdpr_control_pkg/cdpr_control_joystick.py to cdpr_control_joystick.cpython-312.pyc
byte-compiling /home/alex/Greenwall/Greenwall-Pruning/install/cdpr_control_pkg/lib/python3.12/site-packages/cdpr_control_pkg/dynamixel_sdk/__init__.py to __init__.cpython-312.pyc
byte-compiling /home/alex/Greenwall/Greenwall-Pruning/install/cdpr_control_pkg/lib/python3.12/site-packages/cdpr_control_pkg/dynamixel_sdk/protocol1_packet_handler.py to protocol1_packet_handler.cpython-312.pyc
byte-compiling /home/alex/Greenwall/Greenwall-Pruning/install/cdpr_control_pkg/lib/python3.12/site-packages/cdpr_control_pkg/dynamixel_sdk/robotis_def.py to robotis_def.cpython-312.pyc
byte-compiling /home/alex/Greenwall/Greenwall-Pruning/install/cdpr_control_pkg/lib/python3.12/site-packages/cdpr_control_pkg/dynamixel_sdk/protocol2_packet_handler.py to protocol2_packet_handler.cpython-312.pyc
byte-compiling /home/alex/Greenwall/Greenwall-Pruning/install/cdpr_control_pkg/lib/python3.12/site-packages/cdpr_control_pkg/dynamixel_sdk/group_bulk_write.py to group_bulk_write.cpython-312.pyc
byte-compiling /home/alex/Greenwall/Greenwall-Pruning/install/cdpr_control_pkg/lib/python3.12/site-packages/cdpr_control_pkg/dynamixel_sdk/port_handler.py to port_handler.cpython-312.pyc
byte-compiling /home/alex/Greenwall/Greenwall-Pruning/install/cdpr_control_pkg/lib/python3.12/site-packages/cdpr_control_pkg/dynamixel_sdk/group_sync_read.py to group_sync_read.cpython-312.pyc
byte-compiling /home/alex/Greenwall/Greenwall-Pruning/install/cdpr_control_pkg/lib/python3.12/site-packages/cdpr_control_pkg/dynamixel_sdk/group_sync_write.py to group_sync_write.cpython-312.pyc
byte-compiling /home/alex/Greenwall/Greenwall-Pruning/install/cdpr_control_pkg/lib/python3.12/site-packages/cdpr_control_pkg/dynamixel_sdk/group_bulk_read.py to group_bulk_read.cpython-312.pyc
byte-compiling /home/alex/Greenwall/Greenwall-Pruning/install/cdpr_control_pkg/lib/python3.12/site-packages/cdpr_control_pkg/dynamixel_sdk/packet_handler.py to packet_handler.cpython-312.pyc
byte-compiling /home/alex/Greenwall/Greenwall-Pruning/install/cdpr_control_pkg/lib/python3.12/site-packages/cdpr_control_pkg/DynamixelSync.py to DynamixelSync.cpython-312.pyc
running install_data
creating /home/alex/Greenwall/Greenwall-Pruning/install/cdpr_control_pkg/share/ament_index
creating /home/alex/Greenwall/Greenwall-Pruning/install/cdpr_control_pkg/share/ament_index/resource_index
creating /home/alex/Greenwall/Greenwall-Pruning/install/cdpr_control_pkg/share/ament_index/resource_index/packages
copying resource/cdpr_control_pkg -> /home/alex/Greenwall/Greenwall-Pruning/install/cdpr_control_pkg/share/ament_index/resource_index/packages
copying package.xml -> /home/alex/Greenwall/Greenwall-Pruning/install/cdpr_control_pkg/share/cdpr_control_pkg
running install_egg_info
Copying ../../build/cdpr_control_pkg/cdpr_control_pkg.egg-info to /home/alex/Greenwall/Greenwall-Pruning/install/cdpr_control_pkg/lib/python3.12/site-packages/cdpr_control_pkg-0.0.0-py3.12.egg-info
running install_scripts
Installing cdpr_control_joystick script to /home/alex/Greenwall/Greenwall-Pruning/install/cdpr_control_pkg/lib/cdpr_control_pkg
writing list of installed files to '/home/alex/Greenwall/Greenwall-Pruning/build/cdpr_control_pkg/install.log'
