[0.828s] Invoking command in '/home/alex/Greenwall/Greenwall-Pruning/src/cdpr_control_pkg': DEBUGINFOD_URLS=https://debuginfod.ubuntu.com PYTHONPATH=/home/alex/Greenwall/Greenwall-Pruning/build/cdpr_control_pkg/prefix_override:/usr/lib/python3/dist-packages/colcon_core/task/python/colcon_distutils_commands:/home/alex/Greenwall/Greenwall-Pruning/install/cdpr_control_pkg/lib/python3.12/site-packages:${PYTHONPATH} /usr/bin/python3 -W ignore:setup.py install is deprecated -W ignore:easy_install command is deprecated setup.py egg_info --egg-base ../../build/cdpr_control_pkg build --build-base /home/alex/Greenwall/Greenwall-Pruning/build/cdpr_control_pkg/build install --record /home/alex/Greenwall/Greenwall-Pruning/build/cdpr_control_pkg/install.log --single-version-externally-managed install_data
[1.122s] running egg_info
[1.122s] creating ../../build/cdpr_control_pkg/cdpr_control_pkg.egg-info
[1.144s] writing ../../build/cdpr_control_pkg/cdpr_control_pkg.egg-info/PKG-INFO
[1.145s] writing dependency_links to ../../build/cdpr_control_pkg/cdpr_control_pkg.egg-info/dependency_links.txt
[1.145s] writing entry points to ../../build/cdpr_control_pkg/cdpr_control_pkg.egg-info/entry_points.txt
[1.145s] writing requirements to ../../build/cdpr_control_pkg/cdpr_control_pkg.egg-info/requires.txt
[1.145s] writing top-level names to ../../build/cdpr_control_pkg/cdpr_control_pkg.egg-info/top_level.txt
[1.145s] writing manifest file '../../build/cdpr_control_pkg/cdpr_control_pkg.egg-info/SOURCES.txt'
[1.190s] reading manifest file '../../build/cdpr_control_pkg/cdpr_control_pkg.egg-info/SOURCES.txt'
[1.191s] writing manifest file '../../build/cdpr_control_pkg/cdpr_control_pkg.egg-info/SOURCES.txt'
[1.191s] running build
[1.191s] running build_py
[1.191s] creating /home/alex/Greenwall/Greenwall-Pruning/build/cdpr_control_pkg/build
[1.191s] creating /home/alex/Greenwall/Greenwall-Pruning/build/cdpr_control_pkg/build/lib
[1.191s] creating /home/alex/Greenwall/Greenwall-Pruning/build/cdpr_control_pkg/build/lib/cdpr_control_pkg
[1.192s] copying cdpr_control_pkg/__init__.py -> /home/alex/Greenwall/Greenwall-Pruning/build/cdpr_control_pkg/build/lib/cdpr_control_pkg
[1.192s] copying cdpr_control_pkg/cdpr_control_joystick.py -> /home/alex/Greenwall/Greenwall-Pruning/build/cdpr_control_pkg/build/lib/cdpr_control_pkg
[1.192s] copying cdpr_control_pkg/DynamixelSync.py -> /home/alex/Greenwall/Greenwall-Pruning/build/cdpr_control_pkg/build/lib/cdpr_control_pkg
[1.192s] creating /home/alex/Greenwall/Greenwall-Pruning/build/cdpr_control_pkg/build/lib/cdpr_control_pkg/dynamixel_sdk
[1.192s] copying cdpr_control_pkg/dynamixel_sdk/__init__.py -> /home/alex/Greenwall/Greenwall-Pruning/build/cdpr_control_pkg/build/lib/cdpr_control_pkg/dynamixel_sdk
[1.192s] copying cdpr_control_pkg/dynamixel_sdk/protocol1_packet_handler.py -> /home/alex/Greenwall/Greenwall-Pruning/build/cdpr_control_pkg/build/lib/cdpr_control_pkg/dynamixel_sdk
[1.192s] copying cdpr_control_pkg/dynamixel_sdk/robotis_def.py -> /home/alex/Greenwall/Greenwall-Pruning/build/cdpr_control_pkg/build/lib/cdpr_control_pkg/dynamixel_sdk
[1.192s] copying cdpr_control_pkg/dynamixel_sdk/protocol2_packet_handler.py -> /home/alex/Greenwall/Greenwall-Pruning/build/cdpr_control_pkg/build/lib/cdpr_control_pkg/dynamixel_sdk
[1.192s] copying cdpr_control_pkg/dynamixel_sdk/group_bulk_write.py -> /home/alex/Greenwall/Greenwall-Pruning/build/cdpr_control_pkg/build/lib/cdpr_control_pkg/dynamixel_sdk
[1.193s] copying cdpr_control_pkg/dynamixel_sdk/port_handler.py -> /home/alex/Greenwall/Greenwall-Pruning/build/cdpr_control_pkg/build/lib/cdpr_control_pkg/dynamixel_sdk
[1.193s] copying cdpr_control_pkg/dynamixel_sdk/group_sync_read.py -> /home/alex/Greenwall/Greenwall-Pruning/build/cdpr_control_pkg/build/lib/cdpr_control_pkg/dynamixel_sdk
[1.193s] copying cdpr_control_pkg/dynamixel_sdk/group_sync_write.py -> /home/alex/Greenwall/Greenwall-Pruning/build/cdpr_control_pkg/build/lib/cdpr_control_pkg/dynamixel_sdk
[1.193s] copying cdpr_control_pkg/dynamixel_sdk/group_bulk_read.py -> /home/alex/Greenwall/Greenwall-Pruning/build/cdpr_control_pkg/build/lib/cdpr_control_pkg/dynamixel_sdk
[1.193s] copying cdpr_control_pkg/dynamixel_sdk/packet_handler.py -> /home/alex/Greenwall/Greenwall-Pruning/build/cdpr_control_pkg/build/lib/cdpr_control_pkg/dynamixel_sdk
[1.193s] running install
[1.200s] running install_lib
[1.222s] creating /home/alex/Greenwall/Greenwall-Pruning/install/cdpr_control_pkg/lib/python3.12/site-packages/cdpr_control_pkg
[1.223s] copying /home/alex/Greenwall/Greenwall-Pruning/build/cdpr_control_pkg/build/lib/cdpr_control_pkg/__init__.py -> /home/alex/Greenwall/Greenwall-Pruning/install/cdpr_control_pkg/lib/python3.12/site-packages/cdpr_control_pkg
[1.223s] copying /home/alex/Greenwall/Greenwall-Pruning/build/cdpr_control_pkg/build/lib/cdpr_control_pkg/cdpr_control_joystick.py -> /home/alex/Greenwall/Greenwall-Pruning/install/cdpr_control_pkg/lib/python3.12/site-packages/cdpr_control_pkg
[1.223s] creating /home/alex/Greenwall/Greenwall-Pruning/install/cdpr_control_pkg/lib/python3.12/site-packages/cdpr_control_pkg/dynamixel_sdk
[1.223s] copying /home/alex/Greenwall/Greenwall-Pruning/build/cdpr_control_pkg/build/lib/cdpr_control_pkg/dynamixel_sdk/__init__.py -> /home/alex/Greenwall/Greenwall-Pruning/install/cdpr_control_pkg/lib/python3.12/site-packages/cdpr_control_pkg/dynamixel_sdk
[1.223s] copying /home/alex/Greenwall/Greenwall-Pruning/build/cdpr_control_pkg/build/lib/cdpr_control_pkg/dynamixel_sdk/protocol1_packet_handler.py -> /home/alex/Greenwall/Greenwall-Pruning/install/cdpr_control_pkg/lib/python3.12/site-packages/cdpr_control_pkg/dynamixel_sdk
[1.223s] copying /home/alex/Greenwall/Greenwall-Pruning/build/cdpr_control_pkg/build/lib/cdpr_control_pkg/dynamixel_sdk/robotis_def.py -> /home/alex/Greenwall/Greenwall-Pruning/install/cdpr_control_pkg/lib/python3.12/site-packages/cdpr_control_pkg/dynamixel_sdk
[1.223s] copying /home/alex/Greenwall/Greenwall-Pruning/build/cdpr_control_pkg/build/lib/cdpr_control_pkg/dynamixel_sdk/protocol2_packet_handler.py -> /home/alex/Greenwall/Greenwall-Pruning/install/cdpr_control_pkg/lib/python3.12/site-packages/cdpr_control_pkg/dynamixel_sdk
[1.223s] copying /home/alex/Greenwall/Greenwall-Pruning/build/cdpr_control_pkg/build/lib/cdpr_control_pkg/dynamixel_sdk/group_bulk_write.py -> /home/alex/Greenwall/Greenwall-Pruning/install/cdpr_control_pkg/lib/python3.12/site-packages/cdpr_control_pkg/dynamixel_sdk
[1.224s] copying /home/alex/Greenwall/Greenwall-Pruning/build/cdpr_control_pkg/build/lib/cdpr_control_pkg/dynamixel_sdk/port_handler.py -> /home/alex/Greenwall/Greenwall-Pruning/install/cdpr_control_pkg/lib/python3.12/site-packages/cdpr_control_pkg/dynamixel_sdk
[1.224s] copying /home/alex/Greenwall/Greenwall-Pruning/build/cdpr_control_pkg/build/lib/cdpr_control_pkg/dynamixel_sdk/group_sync_read.py -> /home/alex/Greenwall/Greenwall-Pruning/install/cdpr_control_pkg/lib/python3.12/site-packages/cdpr_control_pkg/dynamixel_sdk
[1.224s] copying /home/alex/Greenwall/Greenwall-Pruning/build/cdpr_control_pkg/build/lib/cdpr_control_pkg/dynamixel_sdk/group_sync_write.py -> /home/alex/Greenwall/Greenwall-Pruning/install/cdpr_control_pkg/lib/python3.12/site-packages/cdpr_control_pkg/dynamixel_sdk
[1.224s] copying /home/alex/Greenwall/Greenwall-Pruning/build/cdpr_control_pkg/build/lib/cdpr_control_pkg/dynamixel_sdk/group_bulk_read.py -> /home/alex/Greenwall/Greenwall-Pruning/install/cdpr_control_pkg/lib/python3.12/site-packages/cdpr_control_pkg/dynamixel_sdk
[1.224s] copying /home/alex/Greenwall/Greenwall-Pruning/build/cdpr_control_pkg/build/lib/cdpr_control_pkg/dynamixel_sdk/packet_handler.py -> /home/alex/Greenwall/Greenwall-Pruning/install/cdpr_control_pkg/lib/python3.12/site-packages/cdpr_control_pkg/dynamixel_sdk
[1.224s] copying /home/alex/Greenwall/Greenwall-Pruning/build/cdpr_control_pkg/build/lib/cdpr_control_pkg/DynamixelSync.py -> /home/alex/Greenwall/Greenwall-Pruning/install/cdpr_control_pkg/lib/python3.12/site-packages/cdpr_control_pkg
[1.224s] byte-compiling /home/alex/Greenwall/Greenwall-Pruning/install/cdpr_control_pkg/lib/python3.12/site-packages/cdpr_control_pkg/__init__.py to __init__.cpython-312.pyc
[1.225s] byte-compiling /home/alex/Greenwall/Greenwall-Pruning/install/cdpr_control_pkg/lib/python3.12/site-packages/cdpr_control_pkg/cdpr_control_joystick.py to cdpr_control_joystick.cpython-312.pyc
[1.226s] byte-compiling /home/alex/Greenwall/Greenwall-Pruning/install/cdpr_control_pkg/lib/python3.12/site-packages/cdpr_control_pkg/dynamixel_sdk/__init__.py to __init__.cpython-312.pyc
[1.226s] byte-compiling /home/alex/Greenwall/Greenwall-Pruning/install/cdpr_control_pkg/lib/python3.12/site-packages/cdpr_control_pkg/dynamixel_sdk/protocol1_packet_handler.py to protocol1_packet_handler.cpython-312.pyc
[1.230s] byte-compiling /home/alex/Greenwall/Greenwall-Pruning/install/cdpr_control_pkg/lib/python3.12/site-packages/cdpr_control_pkg/dynamixel_sdk/robotis_def.py to robotis_def.cpython-312.pyc
[1.230s] byte-compiling /home/alex/Greenwall/Greenwall-Pruning/install/cdpr_control_pkg/lib/python3.12/site-packages/cdpr_control_pkg/dynamixel_sdk/protocol2_packet_handler.py to protocol2_packet_handler.cpython-312.pyc
[1.236s] byte-compiling /home/alex/Greenwall/Greenwall-Pruning/install/cdpr_control_pkg/lib/python3.12/site-packages/cdpr_control_pkg/dynamixel_sdk/group_bulk_write.py to group_bulk_write.cpython-312.pyc
[1.236s] byte-compiling /home/alex/Greenwall/Greenwall-Pruning/install/cdpr_control_pkg/lib/python3.12/site-packages/cdpr_control_pkg/dynamixel_sdk/port_handler.py to port_handler.cpython-312.pyc
[1.237s] byte-compiling /home/alex/Greenwall/Greenwall-Pruning/install/cdpr_control_pkg/lib/python3.12/site-packages/cdpr_control_pkg/dynamixel_sdk/group_sync_read.py to group_sync_read.cpython-312.pyc
[1.238s] byte-compiling /home/alex/Greenwall/Greenwall-Pruning/install/cdpr_control_pkg/lib/python3.12/site-packages/cdpr_control_pkg/dynamixel_sdk/group_sync_write.py to group_sync_write.cpython-312.pyc
[1.239s] byte-compiling /home/alex/Greenwall/Greenwall-Pruning/install/cdpr_control_pkg/lib/python3.12/site-packages/cdpr_control_pkg/dynamixel_sdk/group_bulk_read.py to group_bulk_read.cpython-312.pyc
[1.240s] byte-compiling /home/alex/Greenwall/Greenwall-Pruning/install/cdpr_control_pkg/lib/python3.12/site-packages/cdpr_control_pkg/dynamixel_sdk/packet_handler.py to packet_handler.cpython-312.pyc
[1.240s] byte-compiling /home/alex/Greenwall/Greenwall-Pruning/install/cdpr_control_pkg/lib/python3.12/site-packages/cdpr_control_pkg/DynamixelSync.py to DynamixelSync.cpython-312.pyc
[1.241s] running install_data
[1.241s] creating /home/alex/Greenwall/Greenwall-Pruning/install/cdpr_control_pkg/share/ament_index
[1.241s] creating /home/alex/Greenwall/Greenwall-Pruning/install/cdpr_control_pkg/share/ament_index/resource_index
[1.242s] creating /home/alex/Greenwall/Greenwall-Pruning/install/cdpr_control_pkg/share/ament_index/resource_index/packages
[1.242s] copying resource/cdpr_control_pkg -> /home/alex/Greenwall/Greenwall-Pruning/install/cdpr_control_pkg/share/ament_index/resource_index/packages
[1.242s] copying package.xml -> /home/alex/Greenwall/Greenwall-Pruning/install/cdpr_control_pkg/share/cdpr_control_pkg
[1.242s] running install_egg_info
[1.265s] Copying ../../build/cdpr_control_pkg/cdpr_control_pkg.egg-info to /home/alex/Greenwall/Greenwall-Pruning/install/cdpr_control_pkg/lib/python3.12/site-packages/cdpr_control_pkg-0.0.0-py3.12.egg-info
[1.266s] running install_scripts
[1.401s] Installing cdpr_control_joystick script to /home/alex/Greenwall/Greenwall-Pruning/install/cdpr_control_pkg/lib/cdpr_control_pkg
[1.401s] writing list of installed files to '/home/alex/Greenwall/Greenwall-Pruning/build/cdpr_control_pkg/install.log'
[1.425s] Invoked command in '/home/alex/Greenwall/Greenwall-Pruning/src/cdpr_control_pkg' returned '0': DEBUGINFOD_URLS=https://debuginfod.ubuntu.com PYTHONPATH=/home/alex/Greenwall/Greenwall-Pruning/build/cdpr_control_pkg/prefix_override:/usr/lib/python3/dist-packages/colcon_core/task/python/colcon_distutils_commands:/home/alex/Greenwall/Greenwall-Pruning/install/cdpr_control_pkg/lib/python3.12/site-packages:${PYTHONPATH} /usr/bin/python3 -W ignore:setup.py install is deprecated -W ignore:easy_install command is deprecated setup.py egg_info --egg-base ../../build/cdpr_control_pkg build --build-base /home/alex/Greenwall/Greenwall-Pruning/build/cdpr_control_pkg/build install --record /home/alex/Greenwall/Greenwall-Pruning/build/cdpr_control_pkg/install.log --single-version-externally-managed install_data
